<html>
<body>
<pre>
<h1>µVision Build Log</h1>
<h2>Project:</h2>
C:\Users\USER\Desktop\keypad\KEYPAD_main.c
Project File Date:  07/23/2024

<h2>Output:</h2>
Rebuild target 'Target 1'
assembling Startup.s...
compiling KEYPAD_main.c...
keypad_GPIO.h(134): warning:  #1-D: last line of file ends without a newline
  }
LCD.h(59): warning:  #1-D: last line of file ends without a newline
  }
keypad2.h(96): warning:  #1-D: last line of file ends without a newline
  }
KEYPAD_main.c(20): warning:  #1-D: last line of file ends without a newline
  }
KEYPAD_main.c: 4 warnings, 0 errors
linking...
Program Size: Code=2216 RO-data=16 RW-data=0 ZI-data=1256  
FromELF: creating hex file...
".\KEYPAD_main.axf" - 0 Error(s), 4 Warning(s).
KEYPAD_main.c(20): warning:  #1-D: last line of file ends without a newline
  }
KEYPAD_main.c: 4 warnings, 0 errors
"KEYPAD_main.c" - 0 Error(s), 4 Warning(s).
